[2023-07-05T14:12:53.499+0530][gc] Using G1
[2023-07-05T14:12:53.506+0530][gc,init] Version: 17.0.7+7-Ubuntu-0ubuntu122.04.2 (release)
[2023-07-05T14:12:53.506+0530][gc,init] CPUs: 4 total, 4 available
[2023-07-05T14:12:53.506+0530][gc,init] Memory: 15737M
[2023-07-05T14:12:53.506+0530][gc,init] Large Page Support: Disabled
[2023-07-05T14:12:53.506+0530][gc,init] NUMA Support: Disabled
[2023-07-05T14:12:53.506+0530][gc,init] Compressed Oops: Enabled (32-bit)
[2023-07-05T14:12:53.506+0530][gc,init] Heap Region Size: 1M
[2023-07-05T14:12:53.506+0530][gc,init] Heap Min Capacity: 1G
[2023-07-05T14:12:53.506+0530][gc,init] Heap Initial Capacity: 1G
[2023-07-05T14:12:53.506+0530][gc,init] Heap Max Capacity: 1G
[2023-07-05T14:12:53.506+0530][gc,init] Pre-touch: Disabled
[2023-07-05T14:12:53.506+0530][gc,init] Parallel Workers: 4
[2023-07-05T14:12:53.506+0530][gc,init] Concurrent Workers: 1
[2023-07-05T14:12:53.506+0530][gc,init] Concurrent Refinement Workers: 4
[2023-07-05T14:12:53.506+0530][gc,init] Periodic GC: Disabled
[2023-07-05T14:12:53.506+0530][gc,metaspace] CDS archive(s) mapped at: [0x0000000800000000-0x0000000800be2000-0x0000000800be2000), size 12460032, SharedBaseAddress: 0x0000000800000000, ArchiveRelocationMode: 0.
[2023-07-05T14:12:53.506+0530][gc,metaspace] Compressed class space mapped at: 0x0000000801000000-0x0000000841000000, reserved size: 1073741824
[2023-07-05T14:12:53.506+0530][gc,metaspace] Narrow klass base: 0x0000000800000000, Narrow klass shift: 0, Narrow klass range: 0x100000000
[2023-07-05T14:12:54.717+0530][gc,start    ] GC(0) Pause Young (Normal) (G1 Evacuation Pause)
[2023-07-05T14:12:54.718+0530][gc,task     ] GC(0) Using 4 workers of 4 for evacuation
[2023-07-05T14:12:54.725+0530][gc,phases   ] GC(0)   Pre Evacuate Collection Set: 0.1ms
[2023-07-05T14:12:54.725+0530][gc,phases   ] GC(0)   Merge Heap Roots: 0.1ms
[2023-07-05T14:12:54.725+0530][gc,phases   ] GC(0)   Evacuate Collection Set: 6.5ms
[2023-07-05T14:12:54.725+0530][gc,phases   ] GC(0)   Post Evacuate Collection Set: 0.6ms
[2023-07-05T14:12:54.725+0530][gc,phases   ] GC(0)   Other: 0.4ms
[2023-07-05T14:12:54.725+0530][gc,heap     ] GC(0) Eden regions: 51->0(44)
[2023-07-05T14:12:54.725+0530][gc,heap     ] GC(0) Survivor regions: 0->7(7)
[2023-07-05T14:12:54.725+0530][gc,heap     ] GC(0) Old regions: 0->1
[2023-07-05T14:12:54.725+0530][gc,heap     ] GC(0) Archive regions: 2->2
[2023-07-05T14:12:54.725+0530][gc,heap     ] GC(0) Humongous regions: 0->0
[2023-07-05T14:12:54.725+0530][gc,metaspace] GC(0) Metaspace: 18586K(18816K)->18586K(18816K) NonClass: 16372K(16448K)->16372K(16448K) Class: 2213K(2368K)->2213K(2368K)
[2023-07-05T14:12:54.725+0530][gc          ] GC(0) Pause Young (Normal) (G1 Evacuation Pause) 51M->8M(1024M) 7.833ms
[2023-07-05T14:12:54.725+0530][gc,cpu      ] GC(0) User=0.03s Sys=0.00s Real=0.01s
[2023-07-05T14:12:55.019+0530][gc,start    ] GC(1) Pause Young (Concurrent Start) (Metadata GC Threshold)
[2023-07-05T14:12:55.019+0530][gc,task     ] GC(1) Using 4 workers of 4 for evacuation
[2023-07-05T14:12:55.028+0530][gc,phases   ] GC(1)   Pre Evacuate Collection Set: 0.3ms
[2023-07-05T14:12:55.028+0530][gc,phases   ] GC(1)   Merge Heap Roots: 0.1ms
[2023-07-05T14:12:55.028+0530][gc,phases   ] GC(1)   Evacuate Collection Set: 7.3ms
[2023-07-05T14:12:55.028+0530][gc,phases   ] GC(1)   Post Evacuate Collection Set: 0.4ms
[2023-07-05T14:12:55.028+0530][gc,phases   ] GC(1)   Other: 0.3ms
[2023-07-05T14:12:55.028+0530][gc,heap     ] GC(1) Eden regions: 13->0(49)
[2023-07-05T14:12:55.028+0530][gc,heap     ] GC(1) Survivor regions: 7->2(7)
[2023-07-05T14:12:55.028+0530][gc,heap     ] GC(1) Old regions: 1->8
[2023-07-05T14:12:55.028+0530][gc,heap     ] GC(1) Archive regions: 2->2
[2023-07-05T14:12:55.028+0530][gc,heap     ] GC(1) Humongous regions: 129->129
[2023-07-05T14:12:55.028+0530][gc,metaspace] GC(1) Metaspace: 21314K(21504K)->21314K(21504K) NonClass: 18745K(18816K)->18745K(18816K) Class: 2568K(2688K)->2568K(2688K)
[2023-07-05T14:12:55.028+0530][gc          ] GC(1) Pause Young (Concurrent Start) (Metadata GC Threshold) 149M->139M(1024M) 8.499ms
[2023-07-05T14:12:55.028+0530][gc,cpu      ] GC(1) User=0.03s Sys=0.00s Real=0.01s
[2023-07-05T14:12:55.028+0530][gc          ] GC(2) Concurrent Mark Cycle
[2023-07-05T14:12:55.028+0530][gc,marking  ] GC(2) Concurrent Clear Claimed Marks
[2023-07-05T14:12:55.028+0530][gc,marking  ] GC(2) Concurrent Clear Claimed Marks 0.022ms
[2023-07-05T14:12:55.028+0530][gc,marking  ] GC(2) Concurrent Scan Root Regions
[2023-07-05T14:12:55.031+0530][gc,marking  ] GC(2) Concurrent Scan Root Regions 3.450ms
[2023-07-05T14:12:55.031+0530][gc,marking  ] GC(2) Concurrent Mark
[2023-07-05T14:12:55.031+0530][gc,marking  ] GC(2) Concurrent Mark From Roots
[2023-07-05T14:12:55.031+0530][gc,task     ] GC(2) Using 1 workers of 1 for marking
[2023-07-05T14:12:55.034+0530][gc,marking  ] GC(2) Concurrent Mark From Roots 2.374ms
[2023-07-05T14:12:55.034+0530][gc,marking  ] GC(2) Concurrent Preclean
[2023-07-05T14:12:55.034+0530][gc,marking  ] GC(2) Concurrent Preclean 0.073ms
[2023-07-05T14:12:55.034+0530][gc,start    ] GC(2) Pause Remark
[2023-07-05T14:12:55.036+0530][gc          ] GC(2) Pause Remark 139M->139M(1024M) 1.608ms
[2023-07-05T14:12:55.036+0530][gc,cpu      ] GC(2) User=0.00s Sys=0.00s Real=0.00s
[2023-07-05T14:12:55.036+0530][gc,marking  ] GC(2) Concurrent Mark 4.347ms
[2023-07-05T14:12:55.036+0530][gc,marking  ] GC(2) Concurrent Rebuild Remembered Sets
[2023-07-05T14:12:55.040+0530][gc,marking  ] GC(2) Concurrent Rebuild Remembered Sets 4.572ms
[2023-07-05T14:12:55.040+0530][gc,start    ] GC(2) Pause Cleanup
[2023-07-05T14:12:55.040+0530][gc          ] GC(2) Pause Cleanup 140M->140M(1024M) 0.120ms
[2023-07-05T14:12:55.041+0530][gc,cpu      ] GC(2) User=0.00s Sys=0.00s Real=0.00s
[2023-07-05T14:12:55.041+0530][gc,marking  ] GC(2) Concurrent Cleanup for Next Mark
[2023-07-05T14:12:55.050+0530][gc,marking  ] GC(2) Concurrent Cleanup for Next Mark 9.377ms
[2023-07-05T14:12:55.050+0530][gc          ] GC(2) Concurrent Mark Cycle 22.259ms
[2023-07-05T14:12:55.842+0530][gc,start    ] GC(3) Pause Young (Normal) (G1 Evacuation Pause)
[2023-07-05T14:12:55.842+0530][gc,task     ] GC(3) Using 4 workers of 4 for evacuation
[2023-07-05T14:12:55.854+0530][gc,phases   ] GC(3)   Pre Evacuate Collection Set: 0.1ms
[2023-07-05T14:12:55.854+0530][gc,phases   ] GC(3)   Merge Heap Roots: 0.1ms
[2023-07-05T14:12:55.854+0530][gc,phases   ] GC(3)   Evacuate Collection Set: 10.8ms
[2023-07-05T14:12:55.854+0530][gc,phases   ] GC(3)   Post Evacuate Collection Set: 1.0ms
[2023-07-05T14:12:55.854+0530][gc,phases   ] GC(3)   Other: 0.1ms
[2023-07-05T14:12:55.854+0530][gc,heap     ] GC(3) Eden regions: 49->0(45)
[2023-07-05T14:12:55.854+0530][gc,heap     ] GC(3) Survivor regions: 2->6(7)
[2023-07-05T14:12:55.854+0530][gc,heap     ] GC(3) Old regions: 8->8
[2023-07-05T14:12:55.854+0530][gc,heap     ] GC(3) Archive regions: 2->2
[2023-07-05T14:12:55.854+0530][gc,heap     ] GC(3) Humongous regions: 129->129
[2023-07-05T14:12:55.854+0530][gc,metaspace] GC(3) Metaspace: 32440K(32640K)->32440K(32640K) NonClass: 28814K(28928K)->28814K(28928K) Class: 3625K(3712K)->3625K(3712K)
[2023-07-05T14:12:55.854+0530][gc          ] GC(3) Pause Young (Normal) (G1 Evacuation Pause) 188M->143M(1024M) 12.247ms
[2023-07-05T14:12:55.854+0530][gc,cpu      ] GC(3) User=0.04s Sys=0.00s Real=0.02s
[2023-07-05T15:59:45.207+0530][gc,start    ] GC(4) Pause Young (Concurrent Start) (Metadata GC Threshold)
[2023-07-05T15:59:45.207+0530][gc,task     ] GC(4) Using 4 workers of 4 for evacuation
[2023-07-05T15:59:45.219+0530][gc,phases   ] GC(4)   Pre Evacuate Collection Set: 0.2ms
[2023-07-05T15:59:45.219+0530][gc,phases   ] GC(4)   Merge Heap Roots: 0.1ms
[2023-07-05T15:59:45.219+0530][gc,phases   ] GC(4)   Evacuate Collection Set: 11.1ms
[2023-07-05T15:59:45.219+0530][gc,phases   ] GC(4)   Post Evacuate Collection Set: 0.6ms
[2023-07-05T15:59:45.219+0530][gc,phases   ] GC(4)   Other: 0.2ms
[2023-07-05T15:59:45.219+0530][gc,heap     ] GC(4) Eden regions: 43->0(49)
[2023-07-05T15:59:45.219+0530][gc,heap     ] GC(4) Survivor regions: 6->2(7)
[2023-07-05T15:59:45.219+0530][gc,heap     ] GC(4) Old regions: 8->14
[2023-07-05T15:59:45.219+0530][gc,heap     ] GC(4) Archive regions: 2->2
[2023-07-05T15:59:45.219+0530][gc,heap     ] GC(4) Humongous regions: 129->129
[2023-07-05T15:59:45.219+0530][gc,metaspace] GC(4) Metaspace: 35774K(36096K)->35774K(36096K) NonClass: 31656K(31808K)->31656K(31808K) Class: 4117K(4288K)->4117K(4288K)
[2023-07-05T15:59:45.219+0530][gc          ] GC(4) Pause Young (Concurrent Start) (Metadata GC Threshold) 185M->144M(1024M) 12.332ms
[2023-07-05T15:59:45.219+0530][gc,cpu      ] GC(4) User=0.01s Sys=0.01s Real=0.01s
[2023-07-05T15:59:45.219+0530][gc          ] GC(5) Concurrent Mark Cycle
[2023-07-05T15:59:45.219+0530][gc,marking  ] GC(5) Concurrent Clear Claimed Marks
[2023-07-05T15:59:45.219+0530][gc,marking  ] GC(5) Concurrent Clear Claimed Marks 0.028ms
[2023-07-05T15:59:45.219+0530][gc,marking  ] GC(5) Concurrent Scan Root Regions
[2023-07-05T15:59:45.225+0530][gc,marking  ] GC(5) Concurrent Scan Root Regions 6.157ms
[2023-07-05T15:59:45.226+0530][gc,marking  ] GC(5) Concurrent Mark
[2023-07-05T15:59:45.226+0530][gc,marking  ] GC(5) Concurrent Mark From Roots
[2023-07-05T15:59:45.226+0530][gc,task     ] GC(5) Using 1 workers of 1 for marking
[2023-07-05T15:59:45.253+0530][gc,marking  ] GC(5) Concurrent Mark From Roots 27.754ms
[2023-07-05T15:59:45.253+0530][gc,marking  ] GC(5) Concurrent Preclean
[2023-07-05T15:59:45.254+0530][gc,marking  ] GC(5) Concurrent Preclean 0.412ms
[2023-07-05T15:59:45.254+0530][gc,start    ] GC(5) Pause Remark
[2023-07-05T15:59:45.261+0530][gc          ] GC(5) Pause Remark 145M->145M(1024M) 7.218ms
[2023-07-05T15:59:45.261+0530][gc,cpu      ] GC(5) User=0.01s Sys=0.00s Real=0.01s
[2023-07-05T15:59:45.261+0530][gc,marking  ] GC(5) Concurrent Mark 35.757ms
[2023-07-05T15:59:45.261+0530][gc,marking  ] GC(5) Concurrent Rebuild Remembered Sets
[2023-07-05T15:59:45.275+0530][gc,marking  ] GC(5) Concurrent Rebuild Remembered Sets 13.344ms
[2023-07-05T15:59:45.275+0530][gc,start    ] GC(5) Pause Cleanup
[2023-07-05T15:59:45.275+0530][gc          ] GC(5) Pause Cleanup 145M->145M(1024M) 0.135ms
[2023-07-05T15:59:45.275+0530][gc,cpu      ] GC(5) User=0.00s Sys=0.00s Real=0.00s
[2023-07-05T15:59:45.275+0530][gc,marking  ] GC(5) Concurrent Cleanup for Next Mark
[2023-07-05T15:59:45.285+0530][gc,marking  ] GC(5) Concurrent Cleanup for Next Mark 9.890ms
[2023-07-05T15:59:45.285+0530][gc          ] GC(5) Concurrent Mark Cycle 65.623ms
[2023-07-05T16:48:52.334+0530][gc,start    ] GC(6) Pause Young (Prepare Mixed) (G1 Evacuation Pause)
[2023-07-05T16:48:52.334+0530][gc,task     ] GC(6) Using 4 workers of 4 for evacuation
[2023-07-05T16:48:52.340+0530][gc,phases   ] GC(6)   Pre Evacuate Collection Set: 0.2ms
[2023-07-05T16:48:52.340+0530][gc,phases   ] GC(6)   Merge Heap Roots: 0.1ms
[2023-07-05T16:48:52.340+0530][gc,phases   ] GC(6)   Evacuate Collection Set: 3.7ms
[2023-07-05T16:48:52.340+0530][gc,phases   ] GC(6)   Post Evacuate Collection Set: 1.5ms
[2023-07-05T16:48:52.340+0530][gc,phases   ] GC(6)   Other: 0.2ms
[2023-07-05T16:48:52.340+0530][gc,heap     ] GC(6) Eden regions: 49->0(49)
[2023-07-05T16:48:52.340+0530][gc,heap     ] GC(6) Survivor regions: 2->2(7)
[2023-07-05T16:48:52.340+0530][gc,heap     ] GC(6) Old regions: 14->14
[2023-07-05T16:48:52.340+0530][gc,heap     ] GC(6) Archive regions: 2->2
[2023-07-05T16:48:52.340+0530][gc,heap     ] GC(6) Humongous regions: 129->129
[2023-07-05T16:48:52.340+0530][gc,metaspace] GC(6) Metaspace: 38587K(39040K)->38587K(39040K) NonClass: 34000K(34240K)->34000K(34240K) Class: 4586K(4800K)->4586K(4800K)
[2023-07-05T16:48:52.340+0530][gc          ] GC(6) Pause Young (Prepare Mixed) (G1 Evacuation Pause) 193M->144M(1024M) 5.855ms
[2023-07-05T16:48:52.340+0530][gc,cpu      ] GC(6) User=0.01s Sys=0.01s Real=0.01s
[2023-07-05T17:14:34.056+0530][gc,start    ] GC(7) Pause Young (Mixed) (G1 Evacuation Pause)
[2023-07-05T17:14:34.057+0530][gc,task     ] GC(7) Using 4 workers of 4 for evacuation
[2023-07-05T17:14:34.088+0530][gc,mmu      ] GC(7) MMU target violated: 21.0ms (20.0ms/21.0ms)
[2023-07-05T17:14:34.088+0530][gc,phases   ] GC(7)   Pre Evacuate Collection Set: 0.6ms
[2023-07-05T17:14:34.088+0530][gc,phases   ] GC(7)   Merge Heap Roots: 0.4ms
[2023-07-05T17:14:34.088+0530][gc,phases   ] GC(7)   Evacuate Collection Set: 26.7ms
[2023-07-05T17:14:34.088+0530][gc,phases   ] GC(7)   Post Evacuate Collection Set: 3.0ms
[2023-07-05T17:14:34.088+0530][gc,phases   ] GC(7)   Other: 0.6ms
[2023-07-05T17:14:34.088+0530][gc,heap     ] GC(7) Eden regions: 49->0(47)
[2023-07-05T17:14:34.088+0530][gc,heap     ] GC(7) Survivor regions: 2->4(7)
[2023-07-05T17:14:34.088+0530][gc,heap     ] GC(7) Old regions: 14->14
[2023-07-05T17:14:34.088+0530][gc,heap     ] GC(7) Archive regions: 2->2
[2023-07-05T17:14:34.088+0530][gc,heap     ] GC(7) Humongous regions: 129->129
[2023-07-05T17:14:34.088+0530][gc,metaspace] GC(7) Metaspace: 41322K(41920K)->41322K(41920K) NonClass: 36403K(36736K)->36403K(36736K) Class: 4919K(5184K)->4919K(5184K)
[2023-07-05T17:14:34.088+0530][gc          ] GC(7) Pause Young (Mixed) (G1 Evacuation Pause) 193M->147M(1024M) 31.829ms
[2023-07-05T17:14:34.088+0530][gc,cpu      ] GC(7) User=0.10s Sys=0.00s Real=0.03s
[2023-07-05T17:28:21.424+0530][gc,start    ] GC(8) Pause Young (Normal) (G1 Evacuation Pause)
[2023-07-05T17:28:21.424+0530][gc,task     ] GC(8) Using 4 workers of 4 for evacuation
[2023-07-05T17:28:21.434+0530][gc,phases   ] GC(8)   Pre Evacuate Collection Set: 0.4ms
[2023-07-05T17:28:21.435+0530][gc,phases   ] GC(8)   Merge Heap Roots: 0.2ms
[2023-07-05T17:28:21.435+0530][gc,phases   ] GC(8)   Evacuate Collection Set: 9.3ms
[2023-07-05T17:28:21.435+0530][gc,phases   ] GC(8)   Post Evacuate Collection Set: 0.7ms
[2023-07-05T17:28:21.435+0530][gc,phases   ] GC(8)   Other: 0.3ms
[2023-07-05T17:28:21.435+0530][gc,heap     ] GC(8) Eden regions: 47->0(45)
[2023-07-05T17:28:21.435+0530][gc,heap     ] GC(8) Survivor regions: 4->6(7)
[2023-07-05T17:28:21.435+0530][gc,heap     ] GC(8) Old regions: 14->14
[2023-07-05T17:28:21.435+0530][gc,heap     ] GC(8) Archive regions: 2->2
[2023-07-05T17:28:21.435+0530][gc,heap     ] GC(8) Humongous regions: 129->129
[2023-07-05T17:28:21.435+0530][gc,metaspace] GC(8) Metaspace: 41640K(42240K)->41640K(42240K) NonClass: 36719K(37056K)->36719K(37056K) Class: 4921K(5184K)->4921K(5184K)
[2023-07-05T17:28:21.435+0530][gc          ] GC(8) Pause Young (Normal) (G1 Evacuation Pause) 194M->149M(1024M) 11.047ms
[2023-07-05T17:28:21.435+0530][gc,cpu      ] GC(8) User=0.03s Sys=0.00s Real=0.01s
