[2023-07-04T13:34:22.388+0530][gc] Using G1
[2023-07-04T13:34:22.395+0530][gc,init] Version: 17.0.7+7-Ubuntu-0ubuntu122.04.2 (release)
[2023-07-04T13:34:22.396+0530][gc,init] CPUs: 4 total, 4 available
[2023-07-04T13:34:22.396+0530][gc,init] Memory: 15737M
[2023-07-04T13:34:22.396+0530][gc,init] Large Page Support: Disabled
[2023-07-04T13:34:22.396+0530][gc,init] NUMA Support: Disabled
[2023-07-04T13:34:22.396+0530][gc,init] Compressed Oops: Enabled (32-bit)
[2023-07-04T13:34:22.396+0530][gc,init] Heap Region Size: 1M
[2023-07-04T13:34:22.396+0530][gc,init] Heap Min Capacity: 1G
[2023-07-04T13:34:22.396+0530][gc,init] Heap Initial Capacity: 1G
[2023-07-04T13:34:22.396+0530][gc,init] Heap Max Capacity: 1G
[2023-07-04T13:34:22.396+0530][gc,init] Pre-touch: Disabled
[2023-07-04T13:34:22.396+0530][gc,init] Parallel Workers: 4
[2023-07-04T13:34:22.396+0530][gc,init] Concurrent Workers: 1
[2023-07-04T13:34:22.396+0530][gc,init] Concurrent Refinement Workers: 4
[2023-07-04T13:34:22.396+0530][gc,init] Periodic GC: Disabled
[2023-07-04T13:34:22.396+0530][gc,metaspace] CDS archive(s) mapped at: [0x0000000800000000-0x0000000800be2000-0x0000000800be2000), size 12460032, SharedBaseAddress: 0x0000000800000000, ArchiveRelocationMode: 0.
[2023-07-04T13:34:22.396+0530][gc,metaspace] Compressed class space mapped at: 0x0000000801000000-0x0000000841000000, reserved size: 1073741824
[2023-07-04T13:34:22.396+0530][gc,metaspace] Narrow klass base: 0x0000000800000000, Narrow klass shift: 0, Narrow klass range: 0x100000000
[2023-07-04T13:34:23.549+0530][gc,start    ] GC(0) Pause Young (Normal) (G1 Evacuation Pause)
[2023-07-04T13:34:23.549+0530][gc,task     ] GC(0) Using 4 workers of 4 for evacuation
[2023-07-04T13:34:23.555+0530][gc,phases   ] GC(0)   Pre Evacuate Collection Set: 0.1ms
[2023-07-04T13:34:23.555+0530][gc,phases   ] GC(0)   Merge Heap Roots: 0.1ms
[2023-07-04T13:34:23.555+0530][gc,phases   ] GC(0)   Evacuate Collection Set: 5.0ms
[2023-07-04T13:34:23.555+0530][gc,phases   ] GC(0)   Post Evacuate Collection Set: 0.5ms
[2023-07-04T13:34:23.555+0530][gc,phases   ] GC(0)   Other: 0.4ms
[2023-07-04T13:34:23.555+0530][gc,heap     ] GC(0) Eden regions: 51->0(44)
[2023-07-04T13:34:23.555+0530][gc,heap     ] GC(0) Survivor regions: 0->7(7)
[2023-07-04T13:34:23.555+0530][gc,heap     ] GC(0) Old regions: 0->1
[2023-07-04T13:34:23.555+0530][gc,heap     ] GC(0) Archive regions: 2->2
[2023-07-04T13:34:23.555+0530][gc,heap     ] GC(0) Humongous regions: 0->0
[2023-07-04T13:34:23.555+0530][gc,metaspace] GC(0) Metaspace: 18685K(18880K)->18685K(18880K) NonClass: 16463K(16512K)->16463K(16512K) Class: 2221K(2368K)->2221K(2368K)
[2023-07-04T13:34:23.555+0530][gc          ] GC(0) Pause Young (Normal) (G1 Evacuation Pause) 51M->8M(1024M) 6.167ms
[2023-07-04T13:34:23.555+0530][gc,cpu      ] GC(0) User=0.02s Sys=0.00s Real=0.01s
[2023-07-04T13:34:23.835+0530][gc,start    ] GC(1) Pause Young (Concurrent Start) (Metadata GC Threshold)
[2023-07-04T13:34:23.835+0530][gc,task     ] GC(1) Using 4 workers of 4 for evacuation
[2023-07-04T13:34:23.842+0530][gc,phases   ] GC(1)   Pre Evacuate Collection Set: 0.1ms
[2023-07-04T13:34:23.842+0530][gc,phases   ] GC(1)   Merge Heap Roots: 0.0ms
[2023-07-04T13:34:23.842+0530][gc,phases   ] GC(1)   Evacuate Collection Set: 6.0ms
[2023-07-04T13:34:23.842+0530][gc,phases   ] GC(1)   Post Evacuate Collection Set: 0.8ms
[2023-07-04T13:34:23.842+0530][gc,phases   ] GC(1)   Other: 0.2ms
[2023-07-04T13:34:23.842+0530][gc,heap     ] GC(1) Eden regions: 13->0(49)
[2023-07-04T13:34:23.842+0530][gc,heap     ] GC(1) Survivor regions: 7->2(7)
[2023-07-04T13:34:23.842+0530][gc,heap     ] GC(1) Old regions: 1->8
[2023-07-04T13:34:23.842+0530][gc,heap     ] GC(1) Archive regions: 2->2
[2023-07-04T13:34:23.842+0530][gc,heap     ] GC(1) Humongous regions: 129->129
[2023-07-04T13:34:23.842+0530][gc,metaspace] GC(1) Metaspace: 21316K(21504K)->21316K(21504K) NonClass: 18742K(18816K)->18742K(18816K) Class: 2573K(2688K)->2573K(2688K)
[2023-07-04T13:34:23.842+0530][gc          ] GC(1) Pause Young (Concurrent Start) (Metadata GC Threshold) 149M->138M(1024M) 7.395ms
[2023-07-04T13:34:23.842+0530][gc,cpu      ] GC(1) User=0.01s Sys=0.01s Real=0.01s
[2023-07-04T13:34:23.842+0530][gc          ] GC(2) Concurrent Mark Cycle
[2023-07-04T13:34:23.842+0530][gc,marking  ] GC(2) Concurrent Clear Claimed Marks
[2023-07-04T13:34:23.842+0530][gc,marking  ] GC(2) Concurrent Clear Claimed Marks 0.037ms
[2023-07-04T13:34:23.842+0530][gc,marking  ] GC(2) Concurrent Scan Root Regions
[2023-07-04T13:34:23.846+0530][gc,marking  ] GC(2) Concurrent Scan Root Regions 4.264ms
[2023-07-04T13:34:23.846+0530][gc,marking  ] GC(2) Concurrent Mark
[2023-07-04T13:34:23.846+0530][gc,marking  ] GC(2) Concurrent Mark From Roots
[2023-07-04T13:34:23.846+0530][gc,task     ] GC(2) Using 1 workers of 1 for marking
[2023-07-04T13:34:23.849+0530][gc,marking  ] GC(2) Concurrent Mark From Roots 2.359ms
[2023-07-04T13:34:23.849+0530][gc,marking  ] GC(2) Concurrent Preclean
[2023-07-04T13:34:23.849+0530][gc,marking  ] GC(2) Concurrent Preclean 0.061ms
[2023-07-04T13:34:23.849+0530][gc,start    ] GC(2) Pause Remark
[2023-07-04T13:34:23.850+0530][gc          ] GC(2) Pause Remark 139M->139M(1024M) 1.441ms
[2023-07-04T13:34:23.850+0530][gc,cpu      ] GC(2) User=0.01s Sys=0.00s Real=0.01s
[2023-07-04T13:34:23.851+0530][gc,marking  ] GC(2) Concurrent Mark 4.088ms
[2023-07-04T13:34:23.851+0530][gc,marking  ] GC(2) Concurrent Rebuild Remembered Sets
[2023-07-04T13:34:23.855+0530][gc,marking  ] GC(2) Concurrent Rebuild Remembered Sets 4.123ms
[2023-07-04T13:34:23.855+0530][gc,start    ] GC(2) Pause Cleanup
[2023-07-04T13:34:23.855+0530][gc          ] GC(2) Pause Cleanup 140M->140M(1024M) 0.179ms
[2023-07-04T13:34:23.855+0530][gc,cpu      ] GC(2) User=0.00s Sys=0.00s Real=0.00s
[2023-07-04T13:34:23.855+0530][gc,marking  ] GC(2) Concurrent Cleanup for Next Mark
[2023-07-04T13:34:23.868+0530][gc,marking  ] GC(2) Concurrent Cleanup for Next Mark 12.761ms
[2023-07-04T13:34:23.868+0530][gc          ] GC(2) Concurrent Mark Cycle 26.283ms
[2023-07-04T13:34:24.653+0530][gc,start    ] GC(3) Pause Young (Normal) (G1 Evacuation Pause)
[2023-07-04T13:34:24.653+0530][gc,task     ] GC(3) Using 4 workers of 4 for evacuation
[2023-07-04T13:34:24.659+0530][gc,phases   ] GC(3)   Pre Evacuate Collection Set: 0.1ms
[2023-07-04T13:34:24.659+0530][gc,phases   ] GC(3)   Merge Heap Roots: 0.1ms
[2023-07-04T13:34:24.659+0530][gc,phases   ] GC(3)   Evacuate Collection Set: 5.2ms
[2023-07-04T13:34:24.659+0530][gc,phases   ] GC(3)   Post Evacuate Collection Set: 0.5ms
[2023-07-04T13:34:24.659+0530][gc,phases   ] GC(3)   Other: 0.1ms
[2023-07-04T13:34:24.659+0530][gc,heap     ] GC(3) Eden regions: 49->0(45)
[2023-07-04T13:34:24.659+0530][gc,heap     ] GC(3) Survivor regions: 2->6(7)
[2023-07-04T13:34:24.659+0530][gc,heap     ] GC(3) Old regions: 8->8
[2023-07-04T13:34:24.659+0530][gc,heap     ] GC(3) Archive regions: 2->2
[2023-07-04T13:34:24.659+0530][gc,heap     ] GC(3) Humongous regions: 129->129
[2023-07-04T13:34:24.659+0530][gc,metaspace] GC(3) Metaspace: 32587K(32832K)->32587K(32832K) NonClass: 28936K(29056K)->28936K(29056K) Class: 3650K(3776K)->3650K(3776K)
[2023-07-04T13:34:24.659+0530][gc          ] GC(3) Pause Young (Normal) (G1 Evacuation Pause) 187M->142M(1024M) 6.086ms
[2023-07-04T13:34:24.659+0530][gc,cpu      ] GC(3) User=0.02s Sys=0.00s Real=0.00s
