[2023-07-04T10:37:30.703+0530][gc] Using G1
[2023-07-04T10:37:30.711+0530][gc,init] Version: 17.0.7+7-Ubuntu-0ubuntu122.04.2 (release)
[2023-07-04T10:37:30.711+0530][gc,init] CPUs: 4 total, 4 available
[2023-07-04T10:37:30.711+0530][gc,init] Memory: 15737M
[2023-07-04T10:37:30.711+0530][gc,init] Large Page Support: Disabled
[2023-07-04T10:37:30.711+0530][gc,init] NUMA Support: Disabled
[2023-07-04T10:37:30.711+0530][gc,init] Compressed Oops: Enabled (32-bit)
[2023-07-04T10:37:30.711+0530][gc,init] Heap Region Size: 1M
[2023-07-04T10:37:30.711+0530][gc,init] Heap Min Capacity: 1G
[2023-07-04T10:37:30.711+0530][gc,init] Heap Initial Capacity: 1G
[2023-07-04T10:37:30.711+0530][gc,init] Heap Max Capacity: 1G
[2023-07-04T10:37:30.711+0530][gc,init] Pre-touch: Disabled
[2023-07-04T10:37:30.711+0530][gc,init] Parallel Workers: 4
[2023-07-04T10:37:30.711+0530][gc,init] Concurrent Workers: 1
[2023-07-04T10:37:30.711+0530][gc,init] Concurrent Refinement Workers: 4
[2023-07-04T10:37:30.711+0530][gc,init] Periodic GC: Disabled
[2023-07-04T10:37:30.711+0530][gc,metaspace] CDS archive(s) mapped at: [0x0000000800000000-0x0000000800be2000-0x0000000800be2000), size 12460032, SharedBaseAddress: 0x0000000800000000, ArchiveRelocationMode: 0.
[2023-07-04T10:37:30.711+0530][gc,metaspace] Compressed class space mapped at: 0x0000000801000000-0x0000000841000000, reserved size: 1073741824
[2023-07-04T10:37:30.711+0530][gc,metaspace] Narrow klass base: 0x0000000800000000, Narrow klass shift: 0, Narrow klass range: 0x100000000
[2023-07-04T10:37:31.910+0530][gc,start    ] GC(0) Pause Young (Normal) (G1 Evacuation Pause)
[2023-07-04T10:37:31.910+0530][gc,task     ] GC(0) Using 4 workers of 4 for evacuation
[2023-07-04T10:37:31.922+0530][gc,phases   ] GC(0)   Pre Evacuate Collection Set: 0.1ms
[2023-07-04T10:37:31.922+0530][gc,phases   ] GC(0)   Merge Heap Roots: 0.1ms
[2023-07-04T10:37:31.923+0530][gc,phases   ] GC(0)   Evacuate Collection Set: 10.9ms
[2023-07-04T10:37:31.923+0530][gc,phases   ] GC(0)   Post Evacuate Collection Set: 1.4ms
[2023-07-04T10:37:31.923+0530][gc,phases   ] GC(0)   Other: 0.4ms
[2023-07-04T10:37:31.923+0530][gc,heap     ] GC(0) Eden regions: 51->0(44)
[2023-07-04T10:37:31.923+0530][gc,heap     ] GC(0) Survivor regions: 0->7(7)
[2023-07-04T10:37:31.923+0530][gc,heap     ] GC(0) Old regions: 0->1
[2023-07-04T10:37:31.923+0530][gc,heap     ] GC(0) Archive regions: 2->2
[2023-07-04T10:37:31.923+0530][gc,heap     ] GC(0) Humongous regions: 0->0
[2023-07-04T10:37:31.923+0530][gc,metaspace] GC(0) Metaspace: 18580K(18816K)->18580K(18816K) NonClass: 16367K(16448K)->16367K(16448K) Class: 2213K(2368K)->2213K(2368K)
[2023-07-04T10:37:31.923+0530][gc          ] GC(0) Pause Young (Normal) (G1 Evacuation Pause) 51M->8M(1024M) 13.055ms
[2023-07-04T10:37:31.923+0530][gc,cpu      ] GC(0) User=0.04s Sys=0.00s Real=0.01s
[2023-07-04T10:37:32.216+0530][gc,start    ] GC(1) Pause Young (Concurrent Start) (Metadata GC Threshold)
[2023-07-04T10:37:32.216+0530][gc,task     ] GC(1) Using 4 workers of 4 for evacuation
[2023-07-04T10:37:32.225+0530][gc,phases   ] GC(1)   Pre Evacuate Collection Set: 0.1ms
[2023-07-04T10:37:32.225+0530][gc,phases   ] GC(1)   Merge Heap Roots: 0.0ms
[2023-07-04T10:37:32.225+0530][gc,phases   ] GC(1)   Evacuate Collection Set: 8.2ms
[2023-07-04T10:37:32.225+0530][gc,phases   ] GC(1)   Post Evacuate Collection Set: 0.7ms
[2023-07-04T10:37:32.225+0530][gc,phases   ] GC(1)   Other: 0.2ms
[2023-07-04T10:37:32.225+0530][gc,heap     ] GC(1) Eden regions: 12->0(49)
[2023-07-04T10:37:32.225+0530][gc,heap     ] GC(1) Survivor regions: 7->2(7)
[2023-07-04T10:37:32.225+0530][gc,heap     ] GC(1) Old regions: 1->8
[2023-07-04T10:37:32.225+0530][gc,heap     ] GC(1) Archive regions: 2->2
[2023-07-04T10:37:32.225+0530][gc,heap     ] GC(1) Humongous regions: 129->129
[2023-07-04T10:37:32.225+0530][gc,metaspace] GC(1) Metaspace: 21300K(21504K)->21300K(21504K) NonClass: 18731K(18816K)->18731K(18816K) Class: 2569K(2688K)->2569K(2688K)
[2023-07-04T10:37:32.226+0530][gc          ] GC(1) Pause Young (Concurrent Start) (Metadata GC Threshold) 148M->138M(1024M) 9.330ms
[2023-07-04T10:37:32.226+0530][gc,cpu      ] GC(1) User=0.02s Sys=0.01s Real=0.00s
[2023-07-04T10:37:32.226+0530][gc          ] GC(2) Concurrent Mark Cycle
[2023-07-04T10:37:32.226+0530][gc,marking  ] GC(2) Concurrent Clear Claimed Marks
[2023-07-04T10:37:32.226+0530][gc,marking  ] GC(2) Concurrent Clear Claimed Marks 0.020ms
[2023-07-04T10:37:32.226+0530][gc,marking  ] GC(2) Concurrent Scan Root Regions
[2023-07-04T10:37:32.231+0530][gc,marking  ] GC(2) Concurrent Scan Root Regions 4.919ms
[2023-07-04T10:37:32.231+0530][gc,marking  ] GC(2) Concurrent Mark
[2023-07-04T10:37:32.231+0530][gc,marking  ] GC(2) Concurrent Mark From Roots
[2023-07-04T10:37:32.231+0530][gc,task     ] GC(2) Using 1 workers of 1 for marking
[2023-07-04T10:37:32.234+0530][gc,marking  ] GC(2) Concurrent Mark From Roots 3.723ms
[2023-07-04T10:37:32.234+0530][gc,marking  ] GC(2) Concurrent Preclean
[2023-07-04T10:37:32.235+0530][gc,marking  ] GC(2) Concurrent Preclean 0.105ms
[2023-07-04T10:37:32.235+0530][gc,start    ] GC(2) Pause Remark
[2023-07-04T10:37:32.237+0530][gc          ] GC(2) Pause Remark 139M->139M(1024M) 2.171ms
[2023-07-04T10:37:32.237+0530][gc,cpu      ] GC(2) User=0.00s Sys=0.00s Real=0.00s
[2023-07-04T10:37:32.237+0530][gc,marking  ] GC(2) Concurrent Mark 6.350ms
[2023-07-04T10:37:32.237+0530][gc,marking  ] GC(2) Concurrent Rebuild Remembered Sets
[2023-07-04T10:37:32.241+0530][gc,marking  ] GC(2) Concurrent Rebuild Remembered Sets 4.027ms
[2023-07-04T10:37:32.241+0530][gc,start    ] GC(2) Pause Cleanup
[2023-07-04T10:37:32.241+0530][gc          ] GC(2) Pause Cleanup 139M->139M(1024M) 0.148ms
[2023-07-04T10:37:32.241+0530][gc,cpu      ] GC(2) User=0.00s Sys=0.00s Real=0.00s
[2023-07-04T10:37:32.241+0530][gc,marking  ] GC(2) Concurrent Cleanup for Next Mark
[2023-07-04T10:37:32.250+0530][gc,marking  ] GC(2) Concurrent Cleanup for Next Mark 8.976ms
[2023-07-04T10:37:32.250+0530][gc          ] GC(2) Concurrent Mark Cycle 24.777ms
[2023-07-04T10:37:33.062+0530][gc,start    ] GC(3) Pause Young (Normal) (G1 Evacuation Pause)
[2023-07-04T10:37:33.062+0530][gc,task     ] GC(3) Using 4 workers of 4 for evacuation
[2023-07-04T10:37:33.073+0530][gc,phases   ] GC(3)   Pre Evacuate Collection Set: 0.5ms
[2023-07-04T10:37:33.073+0530][gc,phases   ] GC(3)   Merge Heap Roots: 0.2ms
[2023-07-04T10:37:33.073+0530][gc,phases   ] GC(3)   Evacuate Collection Set: 8.2ms
[2023-07-04T10:37:33.073+0530][gc,phases   ] GC(3)   Post Evacuate Collection Set: 1.8ms
[2023-07-04T10:37:33.073+0530][gc,phases   ] GC(3)   Other: 0.2ms
[2023-07-04T10:37:33.073+0530][gc,heap     ] GC(3) Eden regions: 49->0(45)
[2023-07-04T10:37:33.073+0530][gc,heap     ] GC(3) Survivor regions: 2->6(7)
[2023-07-04T10:37:33.073+0530][gc,heap     ] GC(3) Old regions: 8->8
[2023-07-04T10:37:33.073+0530][gc,heap     ] GC(3) Archive regions: 2->2
[2023-07-04T10:37:33.073+0530][gc,heap     ] GC(3) Humongous regions: 129->129
[2023-07-04T10:37:33.073+0530][gc,metaspace] GC(3) Metaspace: 32696K(32960K)->32696K(32960K) NonClass: 29029K(29184K)->29029K(29184K) Class: 3667K(3776K)->3667K(3776K)
[2023-07-04T10:37:33.073+0530][gc          ] GC(3) Pause Young (Normal) (G1 Evacuation Pause) 187M->142M(1024M) 10.995ms
[2023-07-04T10:37:33.073+0530][gc,cpu      ] GC(3) User=0.02s Sys=0.01s Real=0.01s
[2023-07-04T12:28:28.139+0530][gc,start    ] GC(4) Pause Young (Normal) (G1 Evacuation Pause)
[2023-07-04T12:28:28.139+0530][gc,task     ] GC(4) Using 4 workers of 4 for evacuation
[2023-07-04T12:28:28.167+0530][gc,mmu      ] GC(4) MMU target violated: 21.0ms (20.0ms/21.0ms)
[2023-07-04T12:28:28.167+0530][gc,phases   ] GC(4)   Pre Evacuate Collection Set: 0.5ms
[2023-07-04T12:28:28.168+0530][gc,phases   ] GC(4)   Merge Heap Roots: 0.3ms
[2023-07-04T12:28:28.168+0530][gc,phases   ] GC(4)   Evacuate Collection Set: 26.0ms
[2023-07-04T12:28:28.168+0530][gc,phases   ] GC(4)   Post Evacuate Collection Set: 1.0ms
[2023-07-04T12:28:28.168+0530][gc,phases   ] GC(4)   Other: 0.6ms
[2023-07-04T12:28:28.168+0530][gc,heap     ] GC(4) Eden regions: 45->0(50)
[2023-07-04T12:28:28.168+0530][gc,heap     ] GC(4) Survivor regions: 6->1(7)
[2023-07-04T12:28:28.168+0530][gc,heap     ] GC(4) Old regions: 8->13
[2023-07-04T12:28:28.168+0530][gc,heap     ] GC(4) Archive regions: 2->2
[2023-07-04T12:28:28.168+0530][gc,heap     ] GC(4) Humongous regions: 129->129
[2023-07-04T12:28:28.168+0530][gc,metaspace] GC(4) Metaspace: 35027K(35328K)->35027K(35328K) NonClass: 31091K(31232K)->31091K(31232K) Class: 3936K(4096K)->3936K(4096K)
[2023-07-04T12:28:28.168+0530][gc          ] GC(4) Pause Young (Normal) (G1 Evacuation Pause) 187M->143M(1024M) 28.494ms
[2023-07-04T12:28:28.168+0530][gc,cpu      ] GC(4) User=0.09s Sys=0.01s Real=0.02s
[2023-07-04T13:34:01.502+0530][gc,start    ] GC(5) Pause Young (Normal) (G1 Evacuation Pause)
[2023-07-04T13:34:01.502+0530][gc,task     ] GC(5) Using 4 workers of 4 for evacuation
[2023-07-04T13:34:01.504+0530][gc,phases   ] GC(5)   Pre Evacuate Collection Set: 0.1ms
[2023-07-04T13:34:01.504+0530][gc,phases   ] GC(5)   Merge Heap Roots: 0.0ms
[2023-07-04T13:34:01.504+0530][gc,phases   ] GC(5)   Evacuate Collection Set: 1.4ms
[2023-07-04T13:34:01.504+0530][gc,phases   ] GC(5)   Post Evacuate Collection Set: 0.3ms
[2023-07-04T13:34:01.504+0530][gc,phases   ] GC(5)   Other: 0.1ms
[2023-07-04T13:34:01.504+0530][gc,heap     ] GC(5) Eden regions: 50->0(50)
[2023-07-04T13:34:01.504+0530][gc,heap     ] GC(5) Survivor regions: 1->1(7)
[2023-07-04T13:34:01.504+0530][gc,heap     ] GC(5) Old regions: 13->13
[2023-07-04T13:34:01.504+0530][gc,heap     ] GC(5) Archive regions: 2->2
[2023-07-04T13:34:01.504+0530][gc,heap     ] GC(5) Humongous regions: 129->129
[2023-07-04T13:34:01.504+0530][gc,metaspace] GC(5) Metaspace: 35165K(35456K)->35165K(35456K) NonClass: 31226K(31360K)->31226K(31360K) Class: 3938K(4096K)->3938K(4096K)
[2023-07-04T13:34:01.504+0530][gc          ] GC(5) Pause Young (Normal) (G1 Evacuation Pause) 193M->143M(1024M) 2.147ms
[2023-07-04T13:34:01.504+0530][gc,cpu      ] GC(5) User=0.00s Sys=0.00s Real=0.01s
[2023-07-04T13:34:06.236+0530][gc,start    ] GC(6) Pause Young (Normal) (G1 Evacuation Pause)
[2023-07-04T13:34:06.236+0530][gc,task     ] GC(6) Using 4 workers of 4 for evacuation
[2023-07-04T13:34:06.237+0530][gc,phases   ] GC(6)   Pre Evacuate Collection Set: 0.1ms
[2023-07-04T13:34:06.237+0530][gc,phases   ] GC(6)   Merge Heap Roots: 0.0ms
[2023-07-04T13:34:06.237+0530][gc,phases   ] GC(6)   Evacuate Collection Set: 1.0ms
[2023-07-04T13:34:06.237+0530][gc,phases   ] GC(6)   Post Evacuate Collection Set: 0.4ms
[2023-07-04T13:34:06.237+0530][gc,phases   ] GC(6)   Other: 0.1ms
[2023-07-04T13:34:06.237+0530][gc,heap     ] GC(6) Eden regions: 50->0(50)
[2023-07-04T13:34:06.237+0530][gc,heap     ] GC(6) Survivor regions: 1->1(7)
[2023-07-04T13:34:06.237+0530][gc,heap     ] GC(6) Old regions: 13->13
[2023-07-04T13:34:06.237+0530][gc,heap     ] GC(6) Archive regions: 2->2
[2023-07-04T13:34:06.237+0530][gc,heap     ] GC(6) Humongous regions: 129->129
[2023-07-04T13:34:06.237+0530][gc,metaspace] GC(6) Metaspace: 35165K(35456K)->35165K(35456K) NonClass: 31226K(31360K)->31226K(31360K) Class: 3938K(4096K)->3938K(4096K)
[2023-07-04T13:34:06.237+0530][gc          ] GC(6) Pause Young (Normal) (G1 Evacuation Pause) 193M->143M(1024M) 1.731ms
[2023-07-04T13:34:06.237+0530][gc,cpu      ] GC(6) User=0.00s Sys=0.00s Real=0.00s
[2023-07-04T13:34:11.411+0530][gc,start    ] GC(7) Pause Young (Normal) (G1 Evacuation Pause)
[2023-07-04T13:34:11.411+0530][gc,task     ] GC(7) Using 4 workers of 4 for evacuation
[2023-07-04T13:34:11.413+0530][gc,phases   ] GC(7)   Pre Evacuate Collection Set: 0.1ms
[2023-07-04T13:34:11.413+0530][gc,phases   ] GC(7)   Merge Heap Roots: 0.0ms
[2023-07-04T13:34:11.413+0530][gc,phases   ] GC(7)   Evacuate Collection Set: 1.2ms
[2023-07-04T13:34:11.413+0530][gc,phases   ] GC(7)   Post Evacuate Collection Set: 0.4ms
[2023-07-04T13:34:11.413+0530][gc,phases   ] GC(7)   Other: 0.1ms
[2023-07-04T13:34:11.413+0530][gc,heap     ] GC(7) Eden regions: 50->0(56)
[2023-07-04T13:34:11.413+0530][gc,heap     ] GC(7) Survivor regions: 1->1(7)
[2023-07-04T13:34:11.413+0530][gc,heap     ] GC(7) Old regions: 13->13
[2023-07-04T13:34:11.413+0530][gc,heap     ] GC(7) Archive regions: 2->2
[2023-07-04T13:34:11.413+0530][gc,heap     ] GC(7) Humongous regions: 129->129
[2023-07-04T13:34:11.413+0530][gc,metaspace] GC(7) Metaspace: 35165K(35456K)->35165K(35456K) NonClass: 31226K(31360K)->31226K(31360K) Class: 3938K(4096K)->3938K(4096K)
[2023-07-04T13:34:11.413+0530][gc          ] GC(7) Pause Young (Normal) (G1 Evacuation Pause) 193M->143M(1024M) 1.964ms
[2023-07-04T13:34:11.413+0530][gc,cpu      ] GC(7) User=0.01s Sys=0.01s Real=0.00s
[2023-07-04T13:34:13.018+0530][gc,start    ] GC(8) Pause Young (Normal) (G1 Evacuation Pause)
[2023-07-04T13:34:13.018+0530][gc,task     ] GC(8) Using 4 workers of 4 for evacuation
[2023-07-04T13:34:13.020+0530][gc,phases   ] GC(8)   Pre Evacuate Collection Set: 0.2ms
[2023-07-04T13:34:13.021+0530][gc,phases   ] GC(8)   Merge Heap Roots: 0.1ms
[2023-07-04T13:34:13.021+0530][gc,phases   ] GC(8)   Evacuate Collection Set: 1.5ms
[2023-07-04T13:34:13.021+0530][gc,phases   ] GC(8)   Post Evacuate Collection Set: 0.4ms
[2023-07-04T13:34:13.021+0530][gc,phases   ] GC(8)   Other: 0.1ms
[2023-07-04T13:34:13.021+0530][gc,heap     ] GC(8) Eden regions: 56->0(328)
[2023-07-04T13:34:13.021+0530][gc,heap     ] GC(8) Survivor regions: 1->1(8)
[2023-07-04T13:34:13.021+0530][gc,heap     ] GC(8) Old regions: 13->13
[2023-07-04T13:34:13.021+0530][gc,heap     ] GC(8) Archive regions: 2->2
[2023-07-04T13:34:13.021+0530][gc,heap     ] GC(8) Humongous regions: 129->129
[2023-07-04T13:34:13.021+0530][gc,metaspace] GC(8) Metaspace: 35407K(35776K)->35407K(35776K) NonClass: 31431K(31616K)->31431K(31616K) Class: 3975K(4160K)->3975K(4160K)
[2023-07-04T13:34:13.021+0530][gc          ] GC(8) Pause Young (Normal) (G1 Evacuation Pause) 199M->143M(1024M) 2.304ms
[2023-07-04T13:34:13.021+0530][gc,cpu      ] GC(8) User=0.00s Sys=0.00s Real=0.00s
[2023-07-04T13:34:15.131+0530][gc,start    ] GC(9) Pause Young (Normal) (G1 Evacuation Pause)
[2023-07-04T13:34:15.131+0530][gc,task     ] GC(9) Using 4 workers of 4 for evacuation
[2023-07-04T13:34:15.134+0530][gc,phases   ] GC(9)   Pre Evacuate Collection Set: 0.2ms
[2023-07-04T13:34:15.134+0530][gc,phases   ] GC(9)   Merge Heap Roots: 0.1ms
[2023-07-04T13:34:15.134+0530][gc,phases   ] GC(9)   Evacuate Collection Set: 1.5ms
[2023-07-04T13:34:15.134+0530][gc,phases   ] GC(9)   Post Evacuate Collection Set: 0.5ms
[2023-07-04T13:34:15.134+0530][gc,phases   ] GC(9)   Other: 0.2ms
[2023-07-04T13:34:15.134+0530][gc,heap     ] GC(9) Eden regions: 328->0(562)
[2023-07-04T13:34:15.134+0530][gc,heap     ] GC(9) Survivor regions: 1->1(42)
[2023-07-04T13:34:15.134+0530][gc,heap     ] GC(9) Old regions: 13->13
[2023-07-04T13:34:15.134+0530][gc,heap     ] GC(9) Archive regions: 2->2
[2023-07-04T13:34:15.134+0530][gc,heap     ] GC(9) Humongous regions: 129->129
[2023-07-04T13:34:15.134+0530][gc,metaspace] GC(9) Metaspace: 35407K(35776K)->35407K(35776K) NonClass: 31432K(31616K)->31432K(31616K) Class: 3975K(4160K)->3975K(4160K)
[2023-07-04T13:34:15.134+0530][gc          ] GC(9) Pause Young (Normal) (G1 Evacuation Pause) 471M->143M(1024M) 2.475ms
[2023-07-04T13:34:15.134+0530][gc,cpu      ] GC(9) User=0.01s Sys=0.00s Real=0.00s
[2023-07-04T13:34:17.727+0530][gc,start    ] GC(10) Pause Young (Concurrent Start) (Metadata GC Threshold)
[2023-07-04T13:34:17.727+0530][gc,task     ] GC(10) Using 4 workers of 4 for evacuation
[2023-07-04T13:34:17.730+0530][gc,phases   ] GC(10)   Pre Evacuate Collection Set: 0.1ms
[2023-07-04T13:34:17.730+0530][gc,phases   ] GC(10)   Merge Heap Roots: 0.1ms
[2023-07-04T13:34:17.730+0530][gc,phases   ] GC(10)   Evacuate Collection Set: 2.3ms
[2023-07-04T13:34:17.730+0530][gc,phases   ] GC(10)   Post Evacuate Collection Set: 0.6ms
[2023-07-04T13:34:17.730+0530][gc,phases   ] GC(10)   Other: 0.2ms
[2023-07-04T13:34:17.730+0530][gc,heap     ] GC(10) Eden regions: 395->0(613)
[2023-07-04T13:34:17.730+0530][gc,heap     ] GC(10) Survivor regions: 1->1(71)
[2023-07-04T13:34:17.730+0530][gc,heap     ] GC(10) Old regions: 13->13
[2023-07-04T13:34:17.730+0530][gc,heap     ] GC(10) Archive regions: 2->2
[2023-07-04T13:34:17.730+0530][gc,heap     ] GC(10) Humongous regions: 129->129
[2023-07-04T13:34:17.730+0530][gc,metaspace] GC(10) Metaspace: 35825K(36096K)->35825K(36096K) NonClass: 31764K(31872K)->31764K(31872K) Class: 4060K(4224K)->4060K(4224K)
[2023-07-04T13:34:17.730+0530][gc          ] GC(10) Pause Young (Concurrent Start) (Metadata GC Threshold) 537M->143M(1024M) 3.445ms
[2023-07-04T13:34:17.730+0530][gc,cpu      ] GC(10) User=0.02s Sys=0.00s Real=0.01s
[2023-07-04T13:34:17.730+0530][gc          ] GC(11) Concurrent Mark Cycle
[2023-07-04T13:34:17.730+0530][gc,marking  ] GC(11) Concurrent Clear Claimed Marks
[2023-07-04T13:34:17.730+0530][gc,marking  ] GC(11) Concurrent Clear Claimed Marks 0.040ms
[2023-07-04T13:34:17.730+0530][gc,marking  ] GC(11) Concurrent Scan Root Regions
[2023-07-04T13:34:17.732+0530][gc,marking  ] GC(11) Concurrent Scan Root Regions 1.628ms
[2023-07-04T13:34:17.732+0530][gc,marking  ] GC(11) Concurrent Mark
[2023-07-04T13:34:17.732+0530][gc,marking  ] GC(11) Concurrent Mark From Roots
[2023-07-04T13:34:17.732+0530][gc,task     ] GC(11) Using 1 workers of 1 for marking
[2023-07-04T13:34:17.762+0530][gc,marking  ] GC(11) Concurrent Mark From Roots 30.258ms
[2023-07-04T13:34:17.762+0530][gc,marking  ] GC(11) Concurrent Preclean
[2023-07-04T13:34:17.763+0530][gc,marking  ] GC(11) Concurrent Preclean 0.415ms
[2023-07-04T13:34:17.763+0530][gc,start    ] GC(11) Pause Remark
[2023-07-04T13:34:17.769+0530][gc          ] GC(11) Pause Remark 145M->145M(1024M) 6.326ms
[2023-07-04T13:34:17.769+0530][gc,cpu      ] GC(11) User=0.02s Sys=0.00s Real=0.00s
[2023-07-04T13:34:17.769+0530][gc,marking  ] GC(11) Concurrent Mark 37.300ms
[2023-07-04T13:34:17.769+0530][gc,marking  ] GC(11) Concurrent Rebuild Remembered Sets
[2023-07-04T13:34:17.781+0530][gc,marking  ] GC(11) Concurrent Rebuild Remembered Sets 11.421ms
[2023-07-04T13:34:17.781+0530][gc,start    ] GC(11) Pause Cleanup
[2023-07-04T13:34:17.781+0530][gc          ] GC(11) Pause Cleanup 145M->145M(1024M) 0.216ms
[2023-07-04T13:34:17.781+0530][gc,cpu      ] GC(11) User=0.00s Sys=0.00s Real=0.00s
[2023-07-04T13:34:17.781+0530][gc,marking  ] GC(11) Concurrent Cleanup for Next Mark
[2023-07-04T13:34:17.792+0530][gc,marking  ] GC(11) Concurrent Cleanup for Next Mark 10.634ms
[2023-07-04T13:34:17.792+0530][gc          ] GC(11) Concurrent Mark Cycle 61.585ms
[2023-07-04T13:34:17.886+0530][gc,heap,exit] Heap
[2023-07-04T13:34:17.886+0530][gc,heap,exit]  garbage-first heap   total 1048576K, used 152185K [0x00000000c0000000, 0x0000000100000000)
[2023-07-04T13:34:17.886+0530][gc,heap,exit]   region size 1024K, 7 young (7168K), 1 survivors (1024K)
[2023-07-04T13:34:17.886+0530][gc,heap,exit]  Metaspace       used 35891K, committed 36224K, reserved 1114112K
[2023-07-04T13:34:17.886+0530][gc,heap,exit]   class space    used 4078K, committed 4224K, reserved 1048576K
